
   FAIL  Tests\Feature\Auth\SpecificLoginErrorTest
  Γ¿» it displays specific error message when email is not found
  Γ¿» it displays specific error message when password is wrong
  ΓöÇΓöÇΓöÇΓöÇΓöÇΓöÇΓöÇΓöÇΓöÇΓöÇΓöÇΓöÇΓöÇΓöÇΓöÇΓöÇΓöÇΓöÇ  
   FAILED  Tests\Feature\Auth\SpecificLoginErrorTest > it displays specific error message when email is not found  QueryException   
  SQLSTATE[HY000]: General error: 1 near "MODIFY": syntax error (Connection: sqlite, SQL: ALTER TABLE orders MODIFY COLUMN status ENUM('pending', 'processing', 'shipped', 'out_for_delivery', 'completed', 'cancelled') DEFAULT 'pending')

  at vendor\laravel\framework\src\Illuminate\Database\Connection.php:564
    560Γûò             if ($this->pretending()) {
    561Γûò                 return true;
    562Γûò             }
    563Γûò 
  Γ₧£ 564Γûò             $statement = $this->getPdo()->prepare($query);
    565Γûò 
    566Γûò             $this->bindValues($statement, $this->prepareBindings($bindings));
    567Γûò 
    568Γûò             $this->recordsHaveBeenModified();

  1   vendor\laravel\framework\src\Illuminate\Database\Connection.php:564
  2   vendor\laravel\framework\src\Illuminate\Database\Connection.php:813
  3   vendor\laravel\framework\src\Illuminate\Database\Connection.php:780
  4   vendor\laravel\framework\src\Illuminate\Database\Connection.php:559
  5   vendor\laravel\framework\src\Illuminate\Database\DatabaseManager.php:491
  6   vendor\laravel\framework\src\Illuminate\Support\Facades\Facade.php:363
  7   database\migrations\2025_12_30_041938_modify_status_enum_in_orders_table.php:16
  8   vendor\laravel\framework\src\Illuminate\Database\Schema\Blueprint.php:109
  9   vendor\laravel\framework\src\Illuminate\Container\Container.php:1172
  10  vendor\laravel\framework\src\Illuminate\Container\Container.php:933
  11  vendor\laravel\framework\src\Illuminate\Foundation\Application.php:1078
  12  vendor\laravel\framework\src\Illuminate\Container\Container.php:864
  13  vendor\laravel\framework\src\Illuminate\Foundation\Application.php:1058
  14  vendor\laravel\framework\src\Illuminate\Database\Schema\Builder.php:668
  15  vendor\laravel\framework\src\Illuminate\Database\Schema\Builder.php:492
  16  vendor\laravel\framework\src\Illuminate\Support\Facades\Facade.php:363
  17  database\migrations\2025_12_30_041938_modify_status_enum_in_orders_table.php:14
  18  vendor\laravel\framework\src\Illuminate\Database\Migrations\Migrator.php:517
  19  vendor\laravel\framework\src\Illuminate\Database\Migrations\Migrator.php:442
  20  vendor\laravel\framework\src\Illuminate\Database\Migrations\Migrator.php:451
  21  vendor\laravel\framework\src\Illuminate\Database\Migrations\Migrator.php:253
  22  vendor\laravel\framework\src\Illuminate\Console\View\Components\Task.php:41
  23  vendor\laravel\framework\src\Illuminate\Database\Migrations\Migrator.php:812
  24  vendor\laravel\framework\src\Illuminate\Database\Migrations\Migrator.php:253
  25  vendor\laravel\framework\src\Illuminate\Database\Migrations\Migrator.php:211
  26  vendor\laravel\framework\src\Illuminate\Database\Migrations\Migrator.php:138
  27  vendor\laravel\framework\src\Illuminate\Database\Console\Migrations\MigrateCommand.php:116
  28  vendor\laravel\framework\src\Illuminate\Database\Migrations\Migrator.php:669
  29  vendor\laravel\framework\src\Illuminate\Database\Console\Migrations\MigrateCommand.php:109
  30  vendor\laravel\framework\src\Illuminate\Database\Console\Migrations\MigrateCommand.php:88
  31  vendor\laravel\framework\src\Illuminate\Container\BoundMethod.php:36
  32  vendor\laravel\framework\src\Illuminate\Container\Util.php:43
  33  vendor\laravel\framework\src\Illuminate\Container\BoundMethod.php:96
  34  vendor\laravel\framework\src\Illuminate\Container\BoundMethod.php:35
  35  vendor\laravel\framework\src\Illuminate\Container\Container.php:799
  36  vendor\laravel\framework\src\Illuminate\Console\Command.php:211
  37  vendor\symfony\console\Command\Command.php:341
  38  vendor\laravel\framework\src\Illuminate\Console\Command.php:180
  39  vendor\laravel\framework\src\Illuminate\Console\Concerns\CallsCommands.php:68
  40  vendor\laravel\framework\src\Illuminate\Console\Concerns\CallsCommands.php:29
  41  vendor\laravel\framework\src\Illuminate\Database\Console\Migrations\FreshCommand.php:81
  42  vendor\laravel\framework\src\Illuminate\Container\BoundMethod.php:36
  43  vendor\laravel\framework\src\Illuminate\Container\Util.php:43
  44  vendor\laravel\framework\src\Illuminate\Container\BoundMethod.php:96
  45  vendor\laravel\framework\src\Illuminate\Container\BoundMethod.php:35
  46  vendor\laravel\framework\src\Illuminate\Container\Container.php:799
  47  vendor\laravel\framework\src\Illuminate\Console\Command.php:211
  48  vendor\symfony\console\Command\Command.php:341
  49  vendor\laravel\framework\src\Illuminate\Console\Command.php:180
  50  vendor\symfony\console\Application.php:1079
  51  vendor\symfony\console\Application.php:356
  52  vendor\symfony\console\Application.php:195
  53  vendor\laravel\framework\src\Illuminate\Console\Application.php:165
  54  vendor\laravel\framework\src\Illuminate\Foundation\Console\Kernel.php:447
  55  vendor\laravel\framework\src\Illuminate\Testing\PendingCommand.php:451
  56  vendor\laravel\framework\src\Illuminate\Testing\PendingCommand.php:675
  57  vendor\laravel\framework\src\Illuminate\Foundation\Testing\Concerns\InteractsWithConsole.php:87
  58  vendor\laravel\framework\src\Illuminate\Foundation\Testing\RefreshDatabase.php:119
  59  vendor\laravel\framework\src\Illuminate\Foundation\Testing\RefreshDatabase.php:84
  60  vendor\laravel\framework\src\Illuminate\Foundation\Testing\RefreshDatabase.php:25
  61  vendor\laravel\framework\src\Illuminate\Foundation\Testing\Concerns\InteractsWithTestCaseLifecycle.php:209
  62  vendor\laravel\framework\src\Illuminate\Foundation\Testing\Concerns\InteractsWithTestCaseLifecycle.php:97
  63  vendor\laravel\framework\src\Illuminate\Foundation\Testing\TestCase.php:63

  ΓöÇΓöÇΓöÇΓöÇΓöÇΓöÇΓöÇΓöÇΓöÇΓöÇΓöÇΓöÇΓöÇΓöÇΓöÇΓöÇΓöÇΓöÇ  
   FAILED  Tests\Feature\Auth\SpecificLoginErrorTest > it displays specific error message when password is wrong  QueryException   
  SQLSTATE[HY000]: General error: 1 near "MODIFY": syntax error (Connection: sqlite, SQL: ALTER TABLE orders MODIFY COLUMN status ENUM('pending', 'processing', 'shipped', 'out_for_delivery', 'completed', 'cancelled') DEFAULT 'pending')

  at vendor\laravel\framework\src\Illuminate\Database\Connection.php:564
    560Γûò             if ($this->pretending()) {
    561Γûò                 return true;
    562Γûò             }
    563Γûò 
  Γ₧£ 564Γûò             $statement = $this->getPdo()->prepare($query);
    565Γûò 
    566Γûò             $this->bindValues($statement, $this->prepareBindings($bindings));
    567Γûò 
    568Γûò             $this->recordsHaveBeenModified();

  1   vendor\laravel\framework\src\Illuminate\Database\Connection.php:564
  2   vendor\laravel\framework\src\Illuminate\Database\Connection.php:813
  3   vendor\laravel\framework\src\Illuminate\Database\Connection.php:780
  4   vendor\laravel\framework\src\Illuminate\Database\Connection.php:559
  5   vendor\laravel\framework\src\Illuminate\Database\DatabaseManager.php:491
  6   vendor\laravel\framework\src\Illuminate\Support\Facades\Facade.php:363
  7   database\migrations\2025_12_30_041938_modify_status_enum_in_orders_table.php:16
  8   vendor\laravel\framework\src\Illuminate\Database\Schema\Blueprint.php:109
  9   vendor\laravel\framework\src\Illuminate\Container\Container.php:1172
  10  vendor\laravel\framework\src\Illuminate\Container\Container.php:933
  11  vendor\laravel\framework\src\Illuminate\Foundation\Application.php:1078
  12  vendor\laravel\framework\src\Illuminate\Container\Container.php:864
  13  vendor\laravel\framework\src\Illuminate\Foundation\Application.php:1058
  14  vendor\laravel\framework\src\Illuminate\Database\Schema\Builder.php:668
  15  vendor\laravel\framework\src\Illuminate\Database\Schema\Builder.php:492
  16  vendor\laravel\framework\src\Illuminate\Support\Facades\Facade.php:363
  17  database\migrations\2025_12_30_041938_modify_status_enum_in_orders_table.php:14
  18  vendor\laravel\framework\src\Illuminate\Database\Migrations\Migrator.php:517
  19  vendor\laravel\framework\src\Illuminate\Database\Migrations\Migrator.php:442
  20  vendor\laravel\framework\src\Illuminate\Database\Migrations\Migrator.php:451
  21  vendor\laravel\framework\src\Illuminate\Database\Migrations\Migrator.php:253
  22  vendor\laravel\framework\src\Illuminate\Console\View\Components\Task.php:41
  23  vendor\laravel\framework\src\Illuminate\Database\Migrations\Migrator.php:812
  24  vendor\laravel\framework\src\Illuminate\Database\Migrations\Migrator.php:253
  25  vendor\laravel\framework\src\Illuminate\Database\Migrations\Migrator.php:211
  26  vendor\laravel\framework\src\Illuminate\Database\Migrations\Migrator.php:138
  27  vendor\laravel\framework\src\Illuminate\Database\Console\Migrations\MigrateCommand.php:116
  28  vendor\laravel\framework\src\Illuminate\Database\Migrations\Migrator.php:669
  29  vendor\laravel\framework\src\Illuminate\Database\Console\Migrations\MigrateCommand.php:109
  30  vendor\laravel\framework\src\Illuminate\Database\Console\Migrations\MigrateCommand.php:88
  31  vendor\laravel\framework\src\Illuminate\Container\BoundMethod.php:36
  32  vendor\laravel\framework\src\Illuminate\Container\Util.php:43
  33  vendor\laravel\framework\src\Illuminate\Container\BoundMethod.php:96
  34  vendor\laravel\framework\src\Illuminate\Container\BoundMethod.php:35
  35  vendor\laravel\framework\src\Illuminate\Container\Container.php:799
  36  vendor\laravel\framework\src\Illuminate\Console\Command.php:211
  37  vendor\symfony\console\Command\Command.php:341
  38  vendor\laravel\framework\src\Illuminate\Console\Command.php:180
  39  vendor\laravel\framework\src\Illuminate\Console\Concerns\CallsCommands.php:68
  40  vendor\laravel\framework\src\Illuminate\Console\Concerns\CallsCommands.php:29
  41  vendor\laravel\framework\src\Illuminate\Database\Console\Migrations\FreshCommand.php:81
  42  vendor\laravel\framework\src\Illuminate\Container\BoundMethod.php:36
  43  vendor\laravel\framework\src\Illuminate\Container\Util.php:43
  44  vendor\laravel\framework\src\Illuminate\Container\BoundMethod.php:96
  45  vendor\laravel\framework\src\Illuminate\Container\BoundMethod.php:35
  46  vendor\laravel\framework\src\Illuminate\Container\Container.php:799
  47  vendor\laravel\framework\src\Illuminate\Console\Command.php:211
  48  vendor\symfony\console\Command\Command.php:341
  49  vendor\laravel\framework\src\Illuminate\Console\Command.php:180
  50  vendor\symfony\console\Application.php:1079
  51  vendor\symfony\console\Application.php:356
  52  vendor\symfony\console\Application.php:195
  53  vendor\laravel\framework\src\Illuminate\Console\Application.php:165
  54  vendor\laravel\framework\src\Illuminate\Foundation\Console\Kernel.php:447
  55  vendor\laravel\framework\src\Illuminate\Testing\PendingCommand.php:451
  56  vendor\laravel\framework\src\Illuminate\Testing\PendingCommand.php:675
  57  vendor\laravel\framework\src\Illuminate\Foundation\Testing\Concerns\InteractsWithConsole.php:87
  58  vendor\laravel\framework\src\Illuminate\Foundation\Testing\RefreshDatabase.php:119
  59  vendor\laravel\framework\src\Illuminate\Foundation\Testing\RefreshDatabase.php:84
  60  vendor\laravel\framework\src\Illuminate\Foundation\Testing\RefreshDatabase.php:25
  61  vendor\laravel\framework\src\Illuminate\Foundation\Testing\Concerns\InteractsWithTestCaseLifecycle.php:209
  62  vendor\laravel\framework\src\Illuminate\Foundation\Testing\Concerns\InteractsWithTestCaseLifecycle.php:97
  63  vendor\laravel\framework\src\Illuminate\Foundation\Testing\TestCase.php:63


  Tests:    2 failed (0 assertions)
  Duration: 1.08s

